WARNING: All log messages before absl::InitializeLog() is called are written to STDERR
I0000 00:00:1786057415.427148 1546923 service.cc:154] XLA service 0x17ba4a80 initialized for platform CUDA (this does not guarantee that XLA will be used). Devices:
I0000 00:00:1786057415.427200 1546923 service.cc:170]   StreamExecutor [0]: NVIDIA TITAN RTX, Compute Capability 7.5 (Driver: 12.8.0[570.133.7]; Runtime: 12.9.0; Toolkit: 12.9.0; DNN: 9.21.0)
I0000 00:00:1786057415.429063 1546923 se_gpu_pjrt_client.cc:1221] Using BFC allocator.
I0000 00:00:1786057415.429122 1546923 gpu_helpers.cc:162] XLA backend allocating 17.60GiB (18893242368 bytes) on device 0 for BFCAllocator.
I0000 00:00:1786057415.438920 1546923 cuda_dnn.cc:440] Loaded cuDNN version 92100
  Activating project at `~/DiffPhysicsMRISimRecon-AD`
Precompiling packages...
    KomaMRIBase Being precompiled by another process (pid: 1546906, pidfile: /home/alyakurt/.julia/compiled/v1.12/KomaMRIBase/6mUhc_28Lhc.ji.pidfile)
  35702.6 ms  ✓ KomaMRIBase
    KomaMRIBase → KomaMRIBaseReactantExt Being precompiled by another process (pid: 1546906, pidfile: /home/alyakurt/.julia/compiled/v1.12/KomaMRIBaseReactantExt/jfYKn_28Lhc.ji.pidfile)
    KomaMRIBase → KomaMRIBaseUnitfulExt Being precompiled by another process (pid: 1546906, pidfile: /home/alyakurt/.julia/compiled/v1.12/KomaMRIBaseUnitfulExt/NeLkq_28Lhc.ji.pidfile)
    KomaMRIPlots Being precompiled by another process (pid: 1546906, pidfile: /home/alyakurt/.julia/compiled/v1.12/KomaMRIPlots/U3X70_28Lhc.ji.pidfile)
    KomaMRICore Being precompiled by another process (pid: 1546906, pidfile: /home/alyakurt/.julia/compiled/v1.12/KomaMRICore/3fcVD_28Lhc.ji.pidfile)
    KomaMRIFiles Being precompiled by another process (pid: 1546906, pidfile: /home/alyakurt/.julia/compiled/v1.12/KomaMRIFiles/2iEOB_28Lhc.ji.pidfile)
   3785.0 ms  ✓ KomaMRIBase → KomaMRIBaseUnitfulExt
   5423.1 ms  ✓ KomaMRIPlots
   7794.4 ms  ✓ KomaMRIBase → KomaMRIBaseReactantExt
  28510.2 ms  ✓ KomaMRIFiles
  75013.3 ms  ✓ KomaMRICore
    KomaMRICore → KomaMetalExt Being precompiled by another process (pid: 1546906, pidfile: /home/alyakurt/.julia/compiled/v1.12/KomaMetalExt/mH2jj_28Lhc.ji.pidfile)
    KomaMRICore → KomaMRICoreReactantExt Being precompiled by another process (pid: 1546906, pidfile: /home/alyakurt/.julia/compiled/v1.12/KomaMRICoreReactantExt/t3rya_28Lhc.ji.pidfile)
    KomaMRICore → KomaCUDAExt Being precompiled by another process (pid: 1546906, pidfile: /home/alyakurt/.julia/compiled/v1.12/KomaCUDAExt/1Ye0T_28Lhc.ji.pidfile)
    KomaMRI Being precompiled by another process (pid: 1546906, pidfile: /home/alyakurt/.julia/compiled/v1.12/KomaMRI/rprms_28Lhc.ji.pidfile)
   8214.9 ms  ✓ KomaMRICore → KomaMetalExt
  10582.4 ms  ✓ KomaMRICore → KomaMRICoreReactantExt
  10870.0 ms  ✓ KomaMRICore → KomaCUDAExt
  42335.9 ms  ✓ KomaMRI
  10 dependencies successfully precompiled in 154 seconds. 387 already precompiled.
[ Info: Loading sequence hard_epi_2x_20interleaves_5avg_fatsat.seq ...
┌ Info: Pulseq 1.5.1 is supported, but Soft Delay and RF Shimming extensions are not yet included
└ (see https://github.com/JuliaHealth/KomaMRI.jl/issues/714)
Cartesian trajectory mode error: 3.0400416761722227e-6
FFT forward relative error: 8.2509425e-5
FFT adjoint relative error: 6.029928e-7
AD gradient relative error: 1.2294842e-7
Initial loss: 297740.44
Iteration 1: loss = 296885.3, gradient = 29254.635, λ = 1.0e-6
Iteration 2: loss = 100849.0, gradient = 29207.463, λ = 0.00030458975
Iteration 3: loss = 47020.04, gradient = 15113.872, λ = 0.00030462016
Iteration 4: loss = 28667.986, gradient = 8460.665, λ = 0.00032543286
Iteration 5: loss = 21259.107, gradient = 5035.429, λ = 0.00036112493
Iteration 6: loss = 17541.957, gradient = 3234.9155, λ = 0.00043019143
Iteration 7: loss = 15376.332, gradient = 2180.4473, λ = 0.0005525803
Iteration 8: loss = 14144.525, gradient = 1453.2437, λ = 0.0007208058
Iteration 9: loss = 13537.515, gradient = 924.89496, λ = 0.00087848696
Iteration 10: loss = 13241.145, gradient = 587.9198, λ = 0.001055823
Iteration 11: loss = 13090.56, gradient = 378.31326, λ = 0.0012969364
Iteration 12: loss = 13014.547, gradient = 243.02896, λ = 0.0015838542
Iteration 13: loss = 12975.766, gradient = 156.86128, λ = 0.0019415464
Iteration 14: loss = 12956.787, gradient = 101.7812, λ = 0.0023277446
Iteration 15: loss = 12952.408, gradient = 76.88422, λ = 0.0017906558
Iteration 16: loss = 12948.605, gradient = 115.07895, λ = 0.00047282618
Iteration 17: loss = 12948.006, gradient = 47.321674, λ = 0.00027487948
Iteration 18: loss = 12947.319, gradient = 45.1162, λ = 0.00034566617
Iteration 19: loss = 12946.393, gradient = 42.97477, λ = 0.0005193649
Iteration 20: loss = 12945.131, gradient = 40.18255, λ = 0.00082159915
Final loss: 12945.131
Density extrema: (-0.2750317f0, 1.483999f0)
Saved images to: /home/alyakurt/DiffPhysicsMRISimRecon-AD/AD/ADDiff64x64
