WARNING: All log messages before absl::InitializeLog() is called are written to STDERR
I0000 00:00:1786057415.418811 1546906 service.cc:154] XLA service 0x425c3c50 initialized for platform CUDA (this does not guarantee that XLA will be used). Devices:
I0000 00:00:1786057415.418966 1546906 service.cc:170]   StreamExecutor [0]: NVIDIA TITAN RTX, Compute Capability 7.5 (Driver: 12.8.0[570.133.7]; Runtime: 12.9.0; Toolkit: 12.9.0; DNN: 9.21.0)
I0000 00:00:1786057415.424218 1546906 se_gpu_pjrt_client.cc:1221] Using BFC allocator.
I0000 00:00:1786057415.424276 1546906 gpu_helpers.cc:162] XLA backend allocating 17.60GiB (18893242368 bytes) on device 0 for BFCAllocator.
I0000 00:00:1786057415.434164 1546906 cuda_dnn.cc:440] Loaded cuDNN version 92100
  Activating project at `~/DiffPhysicsMRISimRecon-AD`
Precompiling packages...
  35599.0 ms  ✓ KomaMRIBase
   3845.4 ms  ✓ KomaMRIBase → KomaMRIBaseUnitfulExt
   5344.8 ms  ✓ KomaMRIPlots
   7535.1 ms  ✓ KomaMRIBase → KomaMRIBaseReactantExt
  28471.6 ms  ✓ KomaMRIFiles
  75036.9 ms  ✓ KomaMRICore
   7967.2 ms  ✓ KomaMRICore → KomaMetalExt
  10422.3 ms  ✓ KomaMRICore → KomaMRICoreReactantExt
  10446.8 ms  ✓ KomaMRICore → KomaCUDAExt
  42178.9 ms  ✓ KomaMRI
  10 dependencies successfully precompiled in 154 seconds. 387 already precompiled.
[ Info: Loading sequence hard_epi_2x_20interleaves_5avg_fatsat.seq ...
┌ Info: Pulseq 1.5.1 is supported, but Soft Delay and RF Shimming extensions are not yet included
└ (see https://github.com/JuliaHealth/KomaMRI.jl/issues/714)
Cartesian trajectory mode error: 3.0400416761722227e-6
FFT forward relative error: 0.00019554414
FFT adjoint relative error: 1.0164517e-6
AD gradient relative error: 8.7819636e-8
Initial loss: 129899.555
Iteration 1: loss = 129895.23, gradient = 2080.4248, λ = 1.0e-6
Iteration 2: loss = 127066.93, gradient = 2079.2502, λ = 0.00086586946
Iteration 3: loss = 126272.14, gradient = 1084.7863, λ = 0.0008658353
Iteration 4: loss = 125978.64, gradient = 625.166, λ = 0.000940466
Iteration 5: loss = 125846.35, gradient = 386.98233, λ = 0.0010811388
Iteration 6: loss = 125775.22, gradient = 254.23251, λ = 0.0013379512
Iteration 7: loss = 125735.34, gradient = 168.88171, λ = 0.0017212109
Iteration 8: loss = 125715.19, gradient = 108.328514, λ = 0.0021368132
Iteration 9: loss = 125705.734, gradient = 67.84279, λ = 0.002539454
Iteration 10: loss = 125701.11, gradient = 43.181545, λ = 0.003048032
Iteration 11: loss = 125698.7, gradient = 28.033577, λ = 0.0037746003
Iteration 12: loss = 125697.5, gradient = 17.931435, λ = 0.0047034333
Iteration 13: loss = 125696.98, gradient = 10.942166, λ = 0.0055225226
Iteration 14: loss = 125696.76, gradient = 6.677273, λ = 0.00616681
Iteration 15: loss = 125696.695, gradient = 4.7804847, λ = 0.005048602
Iteration 16: loss = 125696.66, gradient = 5.8235145, λ = 0.0016714614
Iteration 17: loss = 125696.65, gradient = 2.9563296, λ = 0.0009476142
Iteration 18: loss = 125696.64, gradient = 2.8288167, λ = 0.0011861986
Iteration 19: loss = 125696.63, gradient = 2.6876736, λ = 0.0017799991
Iteration 20: loss = 125696.62, gradient = 2.4944613, λ = 0.0028147586
Final loss: 125696.62
Density extrema: (-0.22381014f0, 1.4574381f0)
Saved images to: /home/alyakurt/DiffPhysicsMRISimRecon-AD/AD/ADDiff8x8
